2025-09-23 15:43:01,869  INFO Microsoft.Hosting.Lifetime.? [?] - MESSAGE: Now listening on: http://localhost:5000
 2025-09-23 15:43:01,988  INFO Microsoft.Hosting.Lifetime.OnApplicationStarted [0] - MESSAGE: Application started. Press Ctrl+C to shut down.
 2025-09-23 15:43:01,997  INFO Microsoft.Hosting.Lifetime.OnApplicationStarted [0] - MESSAGE: Hosting environment: Production
 2025-09-23 15:43:02,001  INFO Microsoft.Hosting.Lifetime.Invoke [0] - MESSAGE: Content root path: C:\Users\sanch\OneDrive\Documentos\GitHub\proyecto_hoteleria_sabtech\APP_BACK_Hoteleria\apigescamp\bin\Debug\net9.0
 2025-09-23 15:44:20,924  INFO Microsoft.Hosting.Lifetime.? [?] - MESSAGE: Now listening on: http://localhost:5000
 2025-09-23 15:44:20,989  INFO Microsoft.Hosting.Lifetime.OnApplicationStarted [0] - MESSAGE: Application started. Press Ctrl+C to shut down.
 2025-09-23 15:44:20,993  INFO Microsoft.Hosting.Lifetime.OnApplicationStarted [0] - MESSAGE: Hosting environment: Production
 2025-09-23 15:44:20,996  INFO Microsoft.Hosting.Lifetime.Invoke [0] - MESSAGE: Content root path: C:\Users\sanch\OneDrive\Documentos\GitHub\proyecto_hoteleria_sabtech\APP_BACK_Hoteleria\apigescamp\bin\Debug\net9.0
 2025-09-23 15:46:32,284  WARN Microsoft.AspNetCore.HttpsPolicy.HttpsRedirectionMiddleware.? [?] - MESSAGE: Failed to determine the https port for redirect.
 2025-09-23 15:47:19,544  INFO Microsoft.Hosting.Lifetime.? [?] - MESSAGE: Now listening on: http://localhost:5000
 2025-09-23 15:47:19,556  INFO Microsoft.Hosting.Lifetime.OnApplicationStarted [0] - MESSAGE: Application started. Press Ctrl+C to shut down.
 2025-09-23 15:47:19,557  INFO Microsoft.Hosting.Lifetime.OnApplicationStarted [0] - MESSAGE: Hosting environment: Production
 2025-09-23 15:47:19,557  INFO Microsoft.Hosting.Lifetime.Invoke [0] - MESSAGE: Content root path: C:\Users\sanch\OneDrive\Documentos\GitHub\proyecto_hoteleria_sabtech\APP_BACK_Hoteleria\apigescamp\bin\Debug\net9.0
 2025-09-23 15:47:40,841  INFO Microsoft.Hosting.Lifetime.? [?] - MESSAGE: Now listening on: http://localhost:5000
 2025-09-23 15:47:40,871  INFO Microsoft.Hosting.Lifetime.OnApplicationStarted [0] - MESSAGE: Application started. Press Ctrl+C to shut down.
 2025-09-23 15:47:40,873  INFO Microsoft.Hosting.Lifetime.OnApplicationStarted [0] - MESSAGE: Hosting environment: Production
 2025-09-23 15:47:40,874  INFO Microsoft.Hosting.Lifetime.Invoke [0] - MESSAGE: Content root path: C:\Users\sanch\OneDrive\Documentos\GitHub\proyecto_hoteleria_sabtech\APP_BACK_Hoteleria\apigescamp\bin\Debug\net9.0
 2025-09-23 15:48:43,970  INFO Microsoft.Hosting.Lifetime.? [?] - MESSAGE: Now listening on: http://localhost:5000
 2025-09-23 15:48:43,982  INFO Microsoft.Hosting.Lifetime.OnApplicationStarted [0] - MESSAGE: Application started. Press Ctrl+C to shut down.
 2025-09-23 15:48:43,983  INFO Microsoft.Hosting.Lifetime.OnApplicationStarted [0] - MESSAGE: Hosting environment: Production
 2025-09-23 15:48:43,983  INFO Microsoft.Hosting.Lifetime.Invoke [0] - MESSAGE: Content root path: C:\Users\sanch\OneDrive\Documentos\GitHub\proyecto_hoteleria_sabtech\APP_BACK_Hoteleria\apigescamp\bin\Debug\net9.0
 2025-09-23 15:49:32,537  INFO Microsoft.Hosting.Lifetime.? [?] - MESSAGE: Now listening on: http://localhost:5000
 2025-09-23 15:49:32,552  INFO Microsoft.Hosting.Lifetime.OnApplicationStarted [0] - MESSAGE: Application started. Press Ctrl+C to shut down.
 2025-09-23 15:49:32,553  INFO Microsoft.Hosting.Lifetime.OnApplicationStarted [0] - MESSAGE: Hosting environment: Production
 2025-09-23 15:49:32,553  INFO Microsoft.Hosting.Lifetime.Invoke [0] - MESSAGE: Content root path: C:\Users\sanch\OneDrive\Documentos\GitHub\proyecto_hoteleria_sabtech\APP_BACK_Hoteleria\apigescamp\bin\Debug\net9.0
 2025-09-23 16:05:26,083  INFO Microsoft.Hosting.Lifetime.? [?] - MESSAGE: Now listening on: http://localhost:5000
 2025-09-23 16:05:26,107  INFO Microsoft.Hosting.Lifetime.OnApplicationStarted [0] - MESSAGE: Application started. Press Ctrl+C to shut down.
 2025-09-23 16:05:26,109  INFO Microsoft.Hosting.Lifetime.OnApplicationStarted [0] - MESSAGE: Hosting environment: Production
 2025-09-23 16:05:26,110  INFO Microsoft.Hosting.Lifetime.Invoke [0] - MESSAGE: Content root path: C:\Users\sanch\OneDrive\Documentos\GitHub\proyecto_hoteleria_sabtech\APP_BACK_Hoteleria\apigescamp\bin\Debug\net9.0
 2025-09-23 16:08:44,281  INFO Microsoft.Hosting.Lifetime.? [?] - MESSAGE: Now listening on: http://localhost:5000
 2025-09-23 16:08:44,304  INFO Microsoft.Hosting.Lifetime.OnApplicationStarted [0] - MESSAGE: Application started. Press Ctrl+C to shut down.
 2025-09-23 16:08:44,306  INFO Microsoft.Hosting.Lifetime.OnApplicationStarted [0] - MESSAGE: Hosting environment: Production
 2025-09-23 16:08:44,307  INFO Microsoft.Hosting.Lifetime.Invoke [0] - MESSAGE: Content root path: C:\Users\sanch\OneDrive\Documentos\GitHub\proyecto_hoteleria_sabtech\APP_BACK_Hoteleria\apigescamp\bin\Debug\net9.0
 